// Jest Snapshot v1, https://goo.gl/fbAQLP

exports[`local connection models should create a license model 1`] = `
Object {
  "computerId": Object {
    "allowNull": false,
    "type": [Function],
    "validate": Object {
      "notEmpty": true,
    },
  },
  "computerName": Object {
    "allowNull": false,
    "type": [Function],
    "validate": Object {
      "notEmpty": true,
    },
  },
  "computerOS": Object {
    "allowNull": false,
    "type": [Function],
    "validate": Object {
      "isIn": Array [
        Array [
          "Windows",
          "MacOS",
          "Linux",
        ],
      ],
    },
  },
  "computerUsername": Object {
    "allowNull": false,
    "type": [Function],
    "validate": Object {
      "notEmpty": true,
    },
  },
  "email": Object {
    "allowNull": false,
    "type": [Function],
    "validate": Object {
      "isEmail": true,
      "notEmpty": true,
    },
  },
  "expiresAt": Object {
    "allowNull": false,
    "type": [Function],
  },
  "id": Object {
    "defaultValue": UUIDV4 {},
    "primaryKey": true,
    "type": [Function],
  },
  "license": Object {
    "allowNull": false,
    "type": [Function],
  },
  "productId": Object {
    "allowNull": false,
    "type": [Function],
    "validate": Object {
      "notEmpty": true,
    },
  },
}
`;
